// Vitest Snapshot v1

exports[`Channel > can pass nothing to effect functions 1`] = `
[
  [
    [],
    [],
  ],
  [
    [],
    [],
  ],
]
`;

exports[`Channel > can pass variable arguments to effect functions 1`] = `
[
  [
    [
      1,
      2,
    ],
    [
      3,
      4,
    ],
  ],
  [
    [
      1,
      2,
    ],
    [
      3,
      4,
    ],
  ],
]
`;

exports[`Channel > can remove an effect during emit 1`] = `
[
  [
    [],
  ],
]
`;

exports[`Channel > when an effect is added with .once() > only calls the effect once 1`] = `[]`;
